2026-09-27 14:50:22,563 - HITS-AI - INFO - Initializing Laya Router...
2026-09-27 14:51:18,748 - HITS-AI - INFO - Initializing Laya Router...
2026-09-27 14:53:40,213 - HITS-AI - INFO - Initializing Laya Router...
2026-09-27 14:53:40,270 - HITS-AI - INFO - Initialized Engineer Agent with tools: ['pdf', 'ocr', 'vision', 'rag', 'calculator', 'reports']
2026-09-27 14:53:40,270 - HITS-AI - INFO - EngineerAgent executing task: calculate this value...
2026-09-27 14:53:40,294 - HITS-AI - INFO - Initializing Laya Router...
2026-09-27 14:53:40,295 - HITS-AI - INFO - Laya processing request: calculate the load capacity...
2026-09-27 14:53:40,295 - HITS-AI - INFO - Laya decision: {'safe': True, 'task_type': 'technical_analysis', 'agent': 'engineer_agent', 'tools': ['pdf', 'ocr', 'vision', 'rag', 'calculator', 'reports'], 'risk': 'low', 'requires_llm': True}
2026-09-27 14:53:40,298 - HITS-AI - INFO - Performing system check...
2026-09-27 14:53:40,339 - HITS-AI - INFO - System check completed: {"os": "Linux", "cpu": "x86_64", "ram_gb": 8, "gpu": "None or Unsupported", "vram_gb": 0, "cuda": false, "free_disk_gb": 92, "profile": "PROFILE_3"}
2026-09-27 14:53:40,341 - HITS-AI - INFO - Verifying document: dummy.pdf
2026-09-27 14:53:40,341 - HITS-AI - INFO - Verifying document: dummy.pdf
2026-09-27 14:54:08,565 - HITS-AI - INFO - Initializing Laya Router...
2026-09-27 14:54:08,596 - HITS-AI - INFO - Initialized Engineer Agent with tools: ['pdf', 'ocr', 'vision', 'rag', 'calculator', 'reports']
2026-09-27 14:54:08,596 - HITS-AI - INFO - EngineerAgent executing task: calculate this value...
2026-09-27 14:54:08,627 - HITS-AI - INFO - Initializing Laya Router...
2026-09-27 14:54:08,628 - HITS-AI - INFO - Laya processing request: calculate the load capacity...
2026-09-27 14:54:08,628 - HITS-AI - INFO - Laya decision: {'safe': True, 'task_type': 'technical_analysis', 'agent': 'engineer_agent', 'tools': ['pdf', 'ocr', 'vision', 'rag', 'calculator', 'reports'], 'risk': 'low', 'requires_llm': True}
2026-09-27 14:54:08,631 - HITS-AI - INFO - Performing system check...
2026-09-27 14:54:08,638 - HITS-AI - INFO - System check completed: {"os": "Linux", "cpu": "x86_64", "ram_gb": 8, "gpu": "None or Unsupported", "vram_gb": 0, "cuda": false, "free_disk_gb": 92, "profile": "PROFILE_3"}
2026-09-27 14:54:08,640 - HITS-AI - INFO - Verifying document: dummy.pdf
2026-09-27 14:54:08,640 - HITS-AI - INFO - Verifying document: dummy.pdf
2026-09-27 14:54:37,578 - HITS-AI - INFO - Initializing Laya Router...
2026-09-27 14:54:37,606 - HITS-AI - INFO - Initialized Engineer Agent with tools: ['pdf', 'ocr', 'vision', 'rag', 'calculator', 'reports']
2026-09-27 14:54:37,606 - HITS-AI - INFO - EngineerAgent executing task: calculate this value...
2026-09-27 14:54:37,637 - HITS-AI - INFO - Initializing Laya Router...
2026-09-27 14:54:37,637 - HITS-AI - INFO - Laya processing request: calculate the load capacity...
2026-09-27 14:54:37,638 - HITS-AI - INFO - Laya decision: {'safe': True, 'task_type': 'technical_analysis', 'agent': 'engineer_agent', 'tools': ['pdf', 'ocr', 'vision', 'rag', 'calculator', 'reports'], 'risk': 'low', 'requires_llm': True}
2026-09-27 14:54:37,640 - HITS-AI - INFO - Performing system check...
2026-09-27 14:54:37,647 - HITS-AI - INFO - System check completed: {"os": "Linux", "cpu": "x86_64", "ram_gb": 8, "gpu": "None or Unsupported", "vram_gb": 0, "cuda": false, "free_disk_gb": 92, "profile": "PROFILE_3"}
2026-09-27 14:54:37,650 - HITS-AI - INFO - Verifying document: dummy.pdf
2026-09-27 14:54:37,650 - HITS-AI - INFO - Verifying document: dummy.pdf
2026-09-27 14:55:04,798 - HITS-AI - INFO - Initializing Laya Router...
2026-09-27 14:55:04,827 - HITS-AI - INFO - Initialized Engineer Agent with tools: ['pdf', 'ocr', 'vision', 'rag', 'calculator', 'reports']
2026-09-27 14:55:04,827 - HITS-AI - INFO - EngineerAgent executing task: calculate this value...
2026-09-27 14:55:04,852 - HITS-AI - INFO - Initializing Laya Router...
2026-09-27 14:55:04,853 - HITS-AI - INFO - Laya processing request: calculate the load capacity...
2026-09-27 14:55:04,853 - HITS-AI - INFO - Laya decision: {'safe': True, 'task_type': 'technical_analysis', 'agent': 'engineer_agent', 'tools': ['pdf', 'ocr', 'vision', 'rag', 'calculator', 'reports'], 'risk': 'low', 'requires_llm': True}
2026-09-27 14:55:04,856 - HITS-AI - INFO - Performing system check...
2026-09-27 14:55:04,862 - HITS-AI - INFO - System check completed: {"os": "Linux", "cpu": "x86_64", "ram_gb": 8, "gpu": "None or Unsupported", "vram_gb": 0, "cuda": false, "free_disk_gb": 92, "profile": "PROFILE_3"}
2026-09-27 14:55:04,864 - HITS-AI - INFO - Verifying document: dummy.pdf
2026-09-27 14:55:04,864 - HITS-AI - INFO - Verifying document: dummy.pdf
2026-09-27 14:55:32,402 - HITS-AI - INFO - Initializing Laya Router...
2026-09-27 14:55:32,428 - HITS-AI - INFO - Initialized Engineer Agent with tools: ['pdf', 'ocr', 'vision', 'rag', 'calculator', 'reports']
2026-09-27 14:55:32,428 - HITS-AI - INFO - EngineerAgent executing task: calculate this value...
2026-09-27 14:55:32,453 - HITS-AI - INFO - Initializing Laya Router...
2026-09-27 14:55:32,453 - HITS-AI - INFO - Laya processing request: calculate the load capacity...
2026-09-27 14:55:32,454 - HITS-AI - INFO - Laya decision: {'safe': True, 'task_type': 'technical_analysis', 'agent': 'engineer_agent', 'tools': ['pdf', 'ocr', 'vision', 'rag', 'calculator', 'reports'], 'risk': 'low', 'requires_llm': True}
2026-09-27 14:55:32,458 - HITS-AI - INFO - Performing system check...
2026-09-27 14:55:32,464 - HITS-AI - INFO - System check completed: {"os": "Linux", "cpu": "x86_64", "ram_gb": 8, "gpu": "None or Unsupported", "vram_gb": 0, "cuda": false, "free_disk_gb": 92, "profile": "PROFILE_3"}
2026-09-27 14:55:32,466 - HITS-AI - INFO - Verifying document: dummy.pdf
2026-09-27 14:55:32,466 - HITS-AI - INFO - Verifying document: dummy.pdf
2026-09-27 14:55:59,254 - HITS-AI - INFO - Initializing Laya Router...
2026-09-27 14:55:59,282 - HITS-AI - INFO - Initialized Engineer Agent with tools: ['pdf', 'ocr', 'vision', 'rag', 'calculator', 'reports']
2026-09-27 14:55:59,282 - HITS-AI - INFO - EngineerAgent executing task: calculate this value...
2026-09-27 14:55:59,307 - HITS-AI - INFO - Initializing Laya Router...
2026-09-27 14:55:59,308 - HITS-AI - INFO - Laya processing request: calculate the load capacity...
2026-09-27 14:55:59,308 - HITS-AI - INFO - Laya decision: {'safe': True, 'task_type': 'technical_analysis', 'agent': 'engineer_agent', 'tools': ['pdf', 'ocr', 'vision', 'rag', 'calculator', 'reports'], 'risk': 'low', 'requires_llm': True}
2026-09-27 14:55:59,311 - HITS-AI - INFO - Performing system check...
2026-09-27 14:55:59,317 - HITS-AI - INFO - System check completed: {"os": "Linux", "cpu": "x86_64", "ram_gb": 8, "gpu": "None or Unsupported", "vram_gb": 0, "cuda": false, "free_disk_gb": 92, "profile": "PROFILE_3"}
2026-09-27 14:55:59,319 - HITS-AI - INFO - Verifying document: dummy.pdf
2026-09-27 14:55:59,319 - HITS-AI - INFO - Verifying document: dummy.pdf
2026-09-27 14:56:25,307 - HITS-AI - INFO - Initializing Laya Router...
2026-09-27 14:56:25,332 - HITS-AI - INFO - Initialized Engineer Agent with tools: ['pdf', 'ocr', 'vision', 'rag', 'calculator', 'reports']
2026-09-27 14:56:25,333 - HITS-AI - INFO - EngineerAgent executing task: calculate this value...
2026-09-27 14:56:25,359 - HITS-AI - INFO - Initializing Laya Router...
2026-09-27 14:56:25,359 - HITS-AI - INFO - Laya processing request: calculate the load capacity...
2026-09-27 14:56:25,359 - HITS-AI - INFO - Laya decision: {'safe': True, 'task_type': 'technical_analysis', 'agent': 'engineer_agent', 'tools': ['pdf', 'ocr', 'vision', 'rag', 'calculator', 'reports'], 'risk': 'low', 'requires_llm': True}
2026-09-27 14:56:25,362 - HITS-AI - INFO - Performing system check...
2026-09-27 14:56:25,369 - HITS-AI - INFO - System check completed: {"os": "Linux", "cpu": "x86_64", "ram_gb": 8, "gpu": "None or Unsupported", "vram_gb": 0, "cuda": false, "free_disk_gb": 92, "profile": "PROFILE_3"}
2026-09-27 14:56:25,372 - HITS-AI - INFO - Verifying document: dummy.pdf
2026-09-27 14:56:25,372 - HITS-AI - INFO - Verifying document: dummy.pdf
2026-09-27 14:56:53,330 - HITS-AI - INFO - Initializing Laya Router...
2026-09-27 14:56:53,361 - HITS-AI - INFO - Initialized Engineer Agent with tools: ['pdf', 'ocr', 'vision', 'rag', 'calculator', 'reports']
2026-09-27 14:56:53,362 - HITS-AI - INFO - EngineerAgent executing task: calculate this value...
2026-09-27 14:56:53,389 - HITS-AI - INFO - Initializing Laya Router...
2026-09-27 14:56:53,389 - HITS-AI - INFO - Laya processing request: calculate the load capacity...
2026-09-27 14:56:53,389 - HITS-AI - INFO - Laya decision: {'safe': True, 'task_type': 'technical_analysis', 'agent': 'engineer_agent', 'tools': ['pdf', 'ocr', 'vision', 'rag', 'calculator', 'reports'], 'risk': 'low', 'requires_llm': True}
2026-09-27 14:56:53,392 - HITS-AI - INFO - Performing system check...
2026-09-27 14:56:53,399 - HITS-AI - INFO - System check completed: {"os": "Linux", "cpu": "x86_64", "ram_gb": 8, "gpu": "None or Unsupported", "vram_gb": 0, "cuda": false, "free_disk_gb": 92, "profile": "PROFILE_3"}
2026-09-27 14:56:53,402 - HITS-AI - INFO - Verifying document: dummy.pdf
2026-09-27 14:56:53,402 - HITS-AI - INFO - Verifying document: dummy.pdf
2026-09-27 14:57:37,854 - HITS-AI - INFO - Initializing Laya Router...
2026-09-27 14:57:37,881 - HITS-AI - INFO - Initialized Engineer Agent with tools: ['pdf', 'ocr', 'vision', 'rag', 'calculator', 'reports']
2026-09-27 14:57:37,882 - HITS-AI - INFO - EngineerAgent executing task: calculate this value...
2026-09-27 14:57:37,908 - HITS-AI - INFO - Initializing Laya Router...
2026-09-27 14:57:37,908 - HITS-AI - INFO - Laya processing request: calculate the load capacity...
2026-09-27 14:57:37,908 - HITS-AI - INFO - Laya decision: {'safe': True, 'task_type': 'technical_analysis', 'agent': 'engineer_agent', 'tools': ['pdf', 'ocr', 'vision', 'rag', 'calculator', 'reports'], 'risk': 'low', 'requires_llm': True}
2026-09-27 14:57:37,911 - HITS-AI - INFO - Performing system check...
2026-09-27 14:57:37,917 - HITS-AI - INFO - System check completed: {"os": "Linux", "cpu": "x86_64", "ram_gb": 8, "gpu": "None or Unsupported", "vram_gb": 0, "cuda": false, "free_disk_gb": 92, "profile": "PROFILE_3"}
2026-09-27 14:57:37,919 - HITS-AI - INFO - Verifying document: dummy.pdf
2026-09-27 14:57:37,919 - HITS-AI - INFO - Verifying document: dummy.pdf
2026-09-27 14:59:44,515 - HITS-AI - INFO - Initializing Laya Router...
2026-09-27 14:59:44,544 - HITS-AI - INFO - Initialized Engineer Agent with tools: ['pdf', 'ocr', 'vision', 'rag', 'calculator', 'reports']
2026-09-27 14:59:44,544 - HITS-AI - INFO - EngineerAgent executing task: calculate this value...
2026-09-27 14:59:44,571 - HITS-AI - INFO - Initializing Laya Router...
2026-09-27 14:59:44,571 - HITS-AI - INFO - Laya processing request: calculate the load capacity...
2026-09-27 14:59:44,572 - HITS-AI - INFO - Laya decision: {'safe': True, 'task_type': 'technical_analysis', 'agent': 'engineer_agent', 'tools': ['pdf', 'ocr', 'vision', 'rag', 'calculator', 'reports'], 'risk': 'low', 'requires_llm': True}
2026-09-27 14:59:44,574 - HITS-AI - INFO - Performing system check...
2026-09-27 14:59:44,581 - HITS-AI - INFO - System check completed: {"os": "Linux", "cpu": "x86_64", "ram_gb": 8, "gpu": "None or Unsupported", "vram_gb": 0, "cuda": false, "free_disk_gb": 92, "profile": "PROFILE_3"}
2026-09-27 14:59:44,583 - HITS-AI - INFO - Verifying document: dummy.pdf
2026-09-27 14:59:44,583 - HITS-AI - INFO - Verifying document: dummy.pdf
2026-09-27 15:00:13,074 - HITS-AI - INFO - Initializing Laya Router...
2026-09-27 15:00:13,100 - HITS-AI - INFO - Initialized Engineer Agent with tools: ['pdf', 'ocr', 'vision', 'rag', 'calculator', 'reports']
2026-09-27 15:00:13,100 - HITS-AI - INFO - EngineerAgent executing task: calculate this value...
2026-09-27 15:00:13,125 - HITS-AI - INFO - Initializing Laya Router...
2026-09-27 15:00:13,125 - HITS-AI - INFO - Laya processing request: calculate the load capacity...
2026-09-27 15:00:13,125 - HITS-AI - INFO - Laya decision: {'safe': True, 'task_type': 'technical_analysis', 'agent': 'engineer_agent', 'tools': ['pdf', 'ocr', 'vision', 'rag', 'calculator', 'reports'], 'risk': 'low', 'requires_llm': True}
2026-09-27 15:00:13,128 - HITS-AI - INFO - Performing system check...
2026-09-27 15:00:13,134 - HITS-AI - INFO - System check completed: {"os": "Linux", "cpu": "x86_64", "ram_gb": 8, "gpu": "None or Unsupported", "vram_gb": 0, "cuda": false, "free_disk_gb": 92, "profile": "PROFILE_3"}
2026-09-27 15:00:13,136 - HITS-AI - INFO - Verifying document: dummy.pdf
2026-09-27 15:00:13,137 - HITS-AI - INFO - Verifying document: dummy.pdf
2026-09-27 15:01:21,351 - HITS-AI - INFO - Initializing Laya Router...
2026-09-27 15:01:21,384 - HITS-AI - INFO - Initialized Engineer Agent with tools: ['pdf', 'ocr', 'vision', 'rag', 'calculator', 'reports']
2026-09-27 15:01:21,384 - HITS-AI - INFO - EngineerAgent executing task: calculate this value...
2026-09-27 15:01:21,410 - HITS-AI - INFO - Initializing Laya Router...
2026-09-27 15:01:21,410 - HITS-AI - INFO - Laya processing request: calculate the load capacity...
2026-09-27 15:01:21,410 - HITS-AI - INFO - Laya decision: {'safe': True, 'task_type': 'technical_analysis', 'agent': 'engineer_agent', 'tools': ['pdf', 'ocr', 'vision', 'rag', 'calculator', 'reports'], 'risk': 'low', 'requires_llm': True}
2026-09-27 15:01:21,413 - HITS-AI - INFO - Performing system check...
2026-09-27 15:01:21,420 - HITS-AI - INFO - System check completed: {"os": "Linux", "cpu": "x86_64", "ram_gb": 8, "gpu": "None or Unsupported", "vram_gb": 0, "cuda": false, "free_disk_gb": 92, "profile": "PROFILE_3"}
2026-09-27 15:01:21,422 - HITS-AI - INFO - Verifying document: dummy.pdf
2026-09-27 15:01:21,422 - HITS-AI - INFO - Verifying document: dummy.pdf
2026-09-27 15:01:53,169 - HITS-AI - INFO - Initializing Laya Router...
2026-09-27 15:02:20,072 - HITS-AI - INFO - Initializing Laya Router...
2026-09-27 15:02:20,099 - HITS-AI - INFO - Initialized Engineer Agent with tools: ['pdf', 'ocr', 'vision', 'rag', 'calculator', 'reports']
2026-09-27 15:02:20,099 - HITS-AI - INFO - EngineerAgent executing task: calculate this value...
2026-09-27 15:02:20,125 - HITS-AI - INFO - Initializing Laya Router...
2026-09-27 15:02:20,125 - HITS-AI - INFO - Laya processing request: calculate the load capacity...
2026-09-27 15:02:20,126 - HITS-AI - INFO - Laya decision: {'safe': True, 'task_type': 'technical_analysis', 'agent': 'engineer_agent', 'tools': ['pdf', 'ocr', 'vision', 'rag', 'calculator', 'reports'], 'risk': 'low', 'requires_llm': True}
2026-09-27 15:02:20,129 - HITS-AI - INFO - Performing system check...
2026-09-27 15:02:20,135 - HITS-AI - INFO - System check completed: {"os": "Linux", "cpu": "x86_64", "ram_gb": 8, "gpu": "None or Unsupported", "vram_gb": 0, "cuda": false, "free_disk_gb": 92, "profile": "PROFILE_3"}
2026-09-27 15:02:20,137 - HITS-AI - INFO - Verifying document: dummy.pdf
2026-09-27 15:02:20,138 - HITS-AI - INFO - Verifying document: dummy.pdf
2026-09-27 15:04:27,955 - HITS-AI - INFO - Initializing Laya Router...
2026-09-27 15:04:28,016 - HITS-AI - INFO - Initialized Engineer Agent with tools: ['pdf', 'ocr', 'vision', 'rag', 'calculator', 'reports']
2026-09-27 15:04:28,017 - HITS-AI - INFO - EngineerAgent executing task: calculate this value...
2026-09-27 15:04:28,045 - HITS-AI - INFO - Initializing Laya Router...
2026-09-27 15:04:28,046 - HITS-AI - INFO - Laya processing request: calculate the load capacity...
2026-09-27 15:04:28,046 - HITS-AI - INFO - Laya decision: {'safe': True, 'task_type': 'technical_analysis', 'agent': 'engineer_agent', 'tools': ['pdf', 'ocr', 'vision', 'rag', 'calculator', 'reports'], 'risk': 'low', 'requires_llm': True}
2026-09-27 15:04:28,050 - HITS-AI - INFO - Performing system check...
2026-09-27 15:04:28,056 - HITS-AI - INFO - System check completed: {"os": "Linux", "cpu": "x86_64", "ram_gb": 8, "gpu": "None or Unsupported", "vram_gb": 0, "cuda": false, "free_disk_gb": 92, "profile": "PROFILE_3"}
2026-09-27 15:04:28,059 - HITS-AI - INFO - Verifying document: dummy.pdf
2026-09-27 15:04:28,059 - HITS-AI - INFO - Verifying document: dummy.pdf
2026-09-27 15:37:44,982 - HITS-AI - INFO - Initializing Laya Router...
2026-09-27 15:37:45,022 - HITS-AI - INFO - Initialized Engineer Agent with tools: ['pdf', 'ocr', 'vision', 'rag', 'calculator', 'reports']
2026-09-27 15:37:45,023 - HITS-AI - INFO - EngineerAgent executing task: calculate this value...
2026-09-27 15:37:45,184 - HITS-AI - INFO - Initializing Laya Router...
2026-09-27 15:37:45,184 - HITS-AI - INFO - Laya processing request: calculate the load capacity...
2026-09-27 15:37:45,184 - HITS-AI - INFO - Laya decision: {'safe': True, 'task_type': 'technical_analysis', 'agent': 'engineer_agent', 'tools': ['pdf', 'ocr', 'vision', 'rag', 'calculator', 'reports'], 'risk': 'low', 'requires_llm': True}
2026-09-27 15:37:45,187 - HITS-AI - INFO - Performing system check...
2026-09-27 15:37:45,194 - HITS-AI - INFO - System check completed: {"os": "Linux", "cpu": "x86_64", "ram_gb": 8, "gpu": "None or Unsupported", "vram_gb": 0, "cuda": false, "free_disk_gb": 92, "profile": "PROFILE_3"}
2026-09-27 15:37:45,196 - HITS-AI - INFO - Verifying document: dummy.pdf
2026-09-27 15:37:45,196 - HITS-AI - INFO - Verifying document: dummy.pdf
2026-09-27 15:38:10,363 - HITS-AI - INFO - Initializing Laya Router...
2026-09-27 15:38:10,397 - HITS-AI - INFO - Initialized Engineer Agent with tools: ['pdf', 'ocr', 'vision', 'rag', 'calculator', 'reports']
2026-09-27 15:38:10,397 - HITS-AI - INFO - EngineerAgent executing task: calculate this value...
2026-09-27 15:38:10,422 - HITS-AI - INFO - Initializing Laya Router...
2026-09-27 15:38:10,422 - HITS-AI - INFO - Laya processing request: calculate the load capacity...
2026-09-27 15:38:10,422 - HITS-AI - INFO - Laya decision: {'safe': True, 'task_type': 'technical_analysis', 'agent': 'engineer_agent', 'tools': ['pdf', 'ocr', 'vision', 'rag', 'calculator', 'reports'], 'risk': 'low', 'requires_llm': True}
2026-09-27 15:38:10,425 - HITS-AI - INFO - Performing system check...
2026-09-27 15:38:10,430 - HITS-AI - INFO - System check completed: {"os": "Linux", "cpu": "x86_64", "ram_gb": 8, "gpu": "None or Unsupported", "vram_gb": 0, "cuda": false, "free_disk_gb": 92, "profile": "PROFILE_3"}
2026-09-27 15:38:10,432 - HITS-AI - INFO - Verifying document: dummy.pdf
2026-09-27 15:38:10,432 - HITS-AI - INFO - Verifying document: dummy.pdf
